Iteration-bound theorem: k(alpha, eps, d0) = ceil(ln(eps*(1-alpha)/d0) / ln(alpha))
d0 = d(x0, F x0). Samples: alpha in 0.1..=0.9 (step 0.1), eps in {1e-3, 1e-6, 1e-9}, d0 in {1.0, 10.0}

(a)(b) per sample:
  alpha=0.1 eps=1e-3 d0= 1.0  k=  4  |x_k|=1.111e-4  (a) PASS  (b) PASS
  alpha=0.2 eps=1e-3 d0= 1.0  k=  5  |x_k|=4.000e-4  (a) PASS  (b) PASS
  alpha=0.3 eps=1e-3 d0= 1.0  k=  7  |x_k|=3.124e-4  (a) PASS  (b) PASS
  alpha=0.4 eps=1e-3 d0= 1.0  k=  9  |x_k|=4.369e-4  (a) PASS  (b) PASS
  alpha=0.5 eps=1e-3 d0= 1.0  k= 11  |x_k|=9.766e-4  (a) PASS  (b) PASS
  alpha=0.6 eps=1e-3 d0= 1.0  k= 16  |x_k|=7.053e-4  (a) PASS  (b) PASS
  alpha=0.7 eps=1e-3 d0= 1.0  k= 23  |x_k|=9.123e-4  (a) PASS  (b) PASS
  alpha=0.8 eps=1e-3 d0= 1.0  k= 39  |x_k|=8.308e-4  (a) PASS  (b) PASS
  alpha=0.9 eps=1e-3 d0= 1.0  k= 88  |x_k|=9.405e-4  (a) PASS  (b) PASS
  alpha=0.1 eps=1e-6 d0= 1.0  k=  7  |x_k|=1.111e-7  (a) PASS  (b) PASS
  alpha=0.2 eps=1e-6 d0= 1.0  k=  9  |x_k|=6.400e-7  (a) PASS  (b) PASS
  alpha=0.3 eps=1e-6 d0= 1.0  k= 12  |x_k|=7.592e-7  (a) PASS  (b) PASS
  alpha=0.4 eps=1e-6 d0= 1.0  k= 16  |x_k|=7.158e-7  (a) PASS  (b) PASS
  alpha=0.5 eps=1e-6 d0= 1.0  k= 21  |x_k|=9.537e-7  (a) PASS  (b) PASS
  alpha=0.6 eps=1e-6 d0= 1.0  k= 29  |x_k|=9.211e-7  (a) PASS  (b) PASS
  alpha=0.7 eps=1e-6 d0= 1.0  k= 43  |x_k|=7.279e-7  (a) PASS  (b) PASS
  alpha=0.8 eps=1e-6 d0= 1.0  k= 70  |x_k|=8.228e-7  (a) PASS  (b) PASS
  alpha=0.9 eps=1e-6 d0= 1.0  k=153  |x_k|=9.979e-7  (a) PASS  (b) PASS
  alpha=0.1 eps=1e-9 d0= 1.0  k= 10  |x_k|=1.111e-10  (a) PASS  (b) PASS
  alpha=0.2 eps=1e-9 d0= 1.0  k= 14  |x_k|=2.048e-10  (a) PASS  (b) PASS
  alpha=0.3 eps=1e-9 d0= 1.0  k= 18  |x_k|=5.535e-10  (a) PASS  (b) PASS
  alpha=0.4 eps=1e-9 d0= 1.0  k= 24  |x_k|=4.691e-10  (a) PASS  (b) PASS
  alpha=0.5 eps=1e-9 d0= 1.0  k= 31  |x_k|=9.313e-10  (a) PASS  (b) PASS
  alpha=0.6 eps=1e-9 d0= 1.0  k= 43  |x_k|=7.218e-10  (a) PASS  (b) PASS
  alpha=0.7 eps=1e-9 d0= 1.0  k= 62  |x_k|=8.298e-10  (a) PASS  (b) PASS
  alpha=0.8 eps=1e-9 d0= 1.0  k=101  |x_k|=8.148e-10  (a) PASS  (b) PASS
  alpha=0.9 eps=1e-9 d0= 1.0  k=219  |x_k|=9.530e-10  (a) PASS  (b) PASS
  alpha=0.1 eps=1e-3 d0=10.0  k=  5  |x_k|=1.111e-4  (a) PASS  (b) PASS
  alpha=0.2 eps=1e-3 d0=10.0  k=  6  |x_k|=8.000e-4  (a) PASS  (b) PASS
  alpha=0.3 eps=1e-3 d0=10.0  k=  8  |x_k|=9.373e-4  (a) PASS  (b) PASS
  alpha=0.4 eps=1e-3 d0=10.0  k= 11  |x_k|=6.991e-4  (a) PASS  (b) PASS
  alpha=0.5 eps=1e-3 d0=10.0  k= 15  |x_k|=6.104e-4  (a) PASS  (b) PASS
  alpha=0.6 eps=1e-3 d0=10.0  k= 20  |x_k|=9.140e-4  (a) PASS  (b) PASS
  alpha=0.7 eps=1e-3 d0=10.0  k= 30  |x_k|=7.513e-4  (a) PASS  (b) PASS
  alpha=0.8 eps=1e-3 d0=10.0  k= 49  |x_k|=8.920e-4  (a) PASS  (b) PASS
  alpha=0.9 eps=1e-3 d0=10.0  k=110  |x_k|=9.261e-4  (a) PASS  (b) PASS
  alpha=0.1 eps=1e-6 d0=10.0  k=  8  |x_k|=1.111e-7  (a) PASS  (b) PASS
  alpha=0.2 eps=1e-6 d0=10.0  k= 11  |x_k|=2.560e-7  (a) PASS  (b) PASS
  alpha=0.3 eps=1e-6 d0=10.0  k= 14  |x_k|=6.833e-7  (a) PASS  (b) PASS
  alpha=0.4 eps=1e-6 d0=10.0  k= 19  |x_k|=4.581e-7  (a) PASS  (b) PASS
  alpha=0.5 eps=1e-6 d0=10.0  k= 25  |x_k|=5.960e-7  (a) PASS  (b) PASS
  alpha=0.6 eps=1e-6 d0=10.0  k= 34  |x_k|=7.163e-7  (a) PASS  (b) PASS
  alpha=0.7 eps=1e-6 d0=10.0  k= 49  |x_k|=8.564e-7  (a) PASS  (b) PASS
  alpha=0.8 eps=1e-6 d0=10.0  k= 80  |x_k|=8.834e-7  (a) PASS  (b) PASS
  alpha=0.9 eps=1e-6 d0=10.0  k=175  |x_k|=9.827e-7  (a) PASS  (b) PASS
  alpha=0.1 eps=1e-9 d0=10.0  k= 11  |x_k|=1.111e-10  (a) PASS  (b) PASS
  alpha=0.2 eps=1e-9 d0=10.0  k= 15  |x_k|=4.096e-10  (a) PASS  (b) PASS
  alpha=0.3 eps=1e-9 d0=10.0  k= 20  |x_k|=4.981e-10  (a) PASS  (b) PASS
  alpha=0.4 eps=1e-9 d0=10.0  k= 26  |x_k|=7.506e-10  (a) PASS  (b) PASS
  alpha=0.5 eps=1e-9 d0=10.0  k= 35  |x_k|=5.821e-10  (a) PASS  (b) PASS
  alpha=0.6 eps=1e-9 d0=10.0  k= 47  |x_k|=9.355e-10  (a) PASS  (b) PASS
  alpha=0.7 eps=1e-9 d0=10.0  k= 68  |x_k|=9.762e-10  (a) PASS  (b) PASS
  alpha=0.8 eps=1e-9 d0=10.0  k=111  |x_k|=8.749e-10  (a) PASS  (b) PASS
  alpha=0.9 eps=1e-9 d0=10.0  k=241  |x_k|=9.385e-10  (a) PASS  (b) PASS

Representative k values (d0 = 1.0):
alpha \ eps      1e-3      1e-6      1e-9
        0.1         4         7        10
        0.2         5         9        14
        0.3         7        12        18
        0.4         9        16        24
        0.5        11        21        31
        0.6        16        29        43
        0.7        23        43        62
        0.8        39        70       101
        0.9        88       153       219

SUMMARY (54 samples):
  (a) bound finite and >= 1 for every sample  : PASS
  (b) simulation |x_k| <= eps (rel. tol. 1e-12): PASS
  (c) k never decreases as alpha increases    : PASS
  (d) k non-decreasing as eps decreases      : PASS
iteration-bound theorem: ALL CHECKS PASS
