    Finished `dev` profile [unoptimized + debuginfo] target(s) in 0.01s
     Running `target/debug/normal_forms`
Theorem NT22–NT24 — normal forms for the free category on {f,g,h}
==================================================================

Atom signature: f: A→B,  g: B→C,  h: C→D
Rewrite rules:
  (x∘y)∘z → x∘(y∘z)     associativity, oriented to right-nested normal forms
  id_X∘x  → x           left identity elimination
  x∘id_Y  → x           right identity elimination
Normal form: right-nested chain of non-identity atoms, displayed flat
as a morphism, e.g. h∘g∘f means apply f, then g, then h.

Concrete evaluation:
  A = {0,1}, B = {0,1,2}, C = {0,1,2,3}, D = {0,1,2,3,4}
  f: 0↦0, 1↦2
  g: 0↦0, 1↦1, 2↦3
  h: 0↦0, 1↦2, 2↦1, 3↦4

Enumeration: all well-typed composition terms with 1..=6 atom
occurrences (leaves from {f, g, h, id_A, id_B, id_C, id_D}; the
identities are introduced by the rewrite rules):
  depth  1:     7 terms
  depth  2:    12 terms
  depth  3:    40 terms
  depth  4:   160 terms
  depth  5:   686 terms
  depth  6:  3024 terms
  total: 3929 terms

Supplementary — strict reading, leaves from {f,g,h} only:
  7 terms; distinct normal forms: 6 (all of depth ≤ 3)
  (without identities no term of depth 4..=6 is well typed, so the depth
   bound is only meaningful once identities participate)

Every term well typed, leaf count matches depth, rewrite-system normal form
matches direct normalization, and every term generated exactly once: PASS

(a) Finiteness of normal forms
    3929 terms reduce to 10 distinct normal forms (finite;
    every term terminates under the rewrite rules):
      id_A : A→A                 65 term(s)
      f : A→B                   351 term(s)
      g∘f : A→C                 807 term(s)
      h∘g∘f : A→D              1002 term(s)
      id_B : B→B                 65 term(s)
      g : B→C                   351 term(s)
      h∘g : B→D                 807 term(s)
      id_C : C→C                 65 term(s)
      h : C→D                   351 term(s)
      id_D : D→D                 65 term(s)
    all 10 normal forms have pairwise distinct types; distinct
    normal forms can therefore never agree extensionally (as arrows).
    (a) finiteness: PASS

(b) Completeness: equal normal forms <-> equal composed function
    terms: 3929; unordered pairs asserted: 7716556
    iff holds on 7716556/7716556 pairs: PASS

(c) Examples: syntactically distinct terms with equal normal forms and
    equal behavior
  Example 1: normal form f : A→B — PASS
    term A (depth 1): f
    term B (depth 2): f∘id_A
    equal behavior on all inputs of A: 0↦0, 1↦2
  Example 2: normal form g∘f : A→C — PASS
    term A (depth 2): g∘f
    term B (depth 3): (g∘f)∘id_A
    equal behavior on all inputs of A: 0↦0, 1↦3
  Example 3: normal form h∘g∘f : A→D — PASS
    term A (depth 3): (h∘g)∘f
    term B (depth 3): h∘(g∘f)
    equal behavior on all inputs of A: 0↦0, 1↦4

Overall: PASS
